// Jest Snapshot v1, https://goo.gl/fbAQLP

exports[`renders homepage unchanged 1`] = `
<div>
  <main>
    <div
      class="container"
    >
      <div
        class="p-panel p-component col-12 md:col-6"
      >
        <div
          class="p-panel-header"
        >
          <span
            class="p-panel-title"
            id="pr_id_1_header"
          >
            Roman Numeral Calculator
          </span>
          <div
            class="p-panel-icons"
          />
        </div>
        <div
          aria-hidden="false"
          aria-labelledby="pr_id_1_header"
          class="p-toggleable-content"
          id="pr_id_1_content"
          role="region"
        >
          <div
            class="p-panel-content"
          >
            <div
              class="flex flex-column gap-4"
            >
              <div
                class="flex-auto"
              >
                <label
                  class="font-lignt block mb-2"
                  for="input-number"
                >
                  Input Number
                </label>
                <span
                  class="p-inputnumber p-component p-inputwrapper p-inputwrapper-filled w-full"
                >
                  <input
                    aria-valuemax="1000"
                    aria-valuemin="1"
                    aria-valuenow="1"
                    class="p-inputtext p-component p-filled p-inputnumber-input"
                    id="input-number"
                    inputmode="numeric"
                    max="1000"
                    min="1"
                    role="spinbutton"
                    type="text"
                    value="1"
                  />
                </span>
              </div>
              <div
                class="flex-auto"
              >
                <label
                  class="font-lignt block mb-2"
                  for="output"
                >
                  Roman Numeral
                </label>
                <input
                  class="p-inputtext p-component p-disabled p-filled w-full"
                  disabled=""
                  id="output"
                  value="I"
                />
              </div>
            </div>
          </div>
        </div>
      </div>
    </div>
  </main>
</div>
`;
